LTspice 24.1.9 for Windows
Circuit: C:\Users\yoshinsh\Documents\python project\personal-trials\hard_study\digital_circuit\nand\nand-tr-bi.net
Start Time: Tue Jul 15 20:50:19 2025
solver = Normal
Maximum thread count: 12
tnom = 27
temp = 27
method = trap
C:\Users\yoshinsh\Documents\python project\personal-trials\hard_study\digital_circuit\nand\nand-tr-bi.net(16): Limiting rise time to 2e-10.

V2 N008 0 PULSE(0 4 4n 0 0 2n 6n)
^^^^^^^^^^^^^^^^^^^^^^^^^^^^^^^^^
C:\Users\yoshinsh\Documents\python project\personal-trials\hard_study\digital_circuit\nand\nand-tr-bi.net(16): Limiting fall time to 2e-10.

V2 N008 0 PULSE(0 4 4n 0 0 2n 6n)
^^^^^^^^^^^^^^^^^^^^^^^^^^^^^^^^^
C:\Users\yoshinsh\Documents\python project\personal-trials\hard_study\digital_circuit\nand\nand-tr-bi.net(17): Limiting rise time to 2e-10.

V3 N005 0 PULSE(0 4 3n 0 0 2n 6n)
^^^^^^^^^^^^^^^^^^^^^^^^^^^^^^^^^
C:\Users\yoshinsh\Documents\python project\personal-trials\hard_study\digital_circuit\nand\nand-tr-bi.net(17): Limiting fall time to 2e-10.

V3 N005 0 PULSE(0 4 3n 0 0 2n 6n)
^^^^^^^^^^^^^^^^^^^^^^^^^^^^^^^^^
Direct Newton iteration for .op point succeeded.
Warning: Simulation tolerance relaxed to achieve convergence from 4.0916066997603830e-09 to 4.0916066998580391e-09 seconds.
Warning: Simulation tolerance relaxed to achieve convergence from 5.3087693846613797e-09 to 5.3087693847590358e-09 seconds.
Warning: Simulation tolerance relaxed to achieve convergence from 1.0091606699772806e-08 to 1.0091606699870463e-08 seconds.
Warning: Simulation tolerance relaxed to achieve convergence from 1.1308769384543174e-08 to 1.1308769384640831e-08 seconds.
Warning: Simulation tolerance relaxed to achieve convergence from 1.1308769384640831e-08 to 1.1308769384738488e-08 seconds.
Warning: Simulation tolerance relaxed to achieve convergence from 1.6091606699772249e-08 to 1.6091606699869906e-08 seconds.
Warning: Simulation tolerance relaxed to achieve convergence from 1.7308769384528333e-08 to 1.7308769384625990e-08 seconds.
Warning: Simulation tolerance relaxed to achieve convergence from 1.7308769384625990e-08 to 1.7308769384723647e-08 seconds.
Warning: Simulation tolerance relaxed to achieve convergence from 2.2091606699791046e-08 to 2.2091606699888703e-08 seconds.
Warning: Simulation tolerance relaxed to achieve convergence from 2.3308769384596292e-08 to 2.3308769384693949e-08 seconds.
Warning: Simulation tolerance relaxed to achieve convergence from 2.3308769384693949e-08 to 2.3308769384791606e-08 seconds.
Warning: Simulation tolerance relaxed to achieve convergence from 2.8091606699772161e-08 to 2.8091606699869818e-08 seconds.
Warning: Simulation tolerance relaxed to achieve convergence from 2.9308769384584070e-08 to 2.9308769384681727e-08 seconds.
Warning: Simulation tolerance relaxed to achieve convergence from 3.4091606699724374e-08 to 3.4091606699822028e-08 seconds.
Warning: Simulation tolerance relaxed to achieve convergence from 3.5308769384393376e-08 to 3.5308769384491030e-08 seconds.
Warning: Simulation tolerance relaxed to achieve convergence from 3.5308769384686344e-08 to 3.5308769384783997e-08 seconds.
Warning: Simulation tolerance relaxed to achieve convergence from 4.0091606699731905e-08 to 4.0091606699829559e-08 seconds.
Warning: Simulation tolerance relaxed to achieve convergence from 4.1308769384682500e-08 to 4.1308769384780153e-08 seconds.
Warning: Simulation tolerance relaxed to achieve convergence from 4.6091606699757278e-08 to 4.6091606699854931e-08 seconds.
Warning: Simulation tolerance relaxed to achieve convergence from 4.7308769384527957e-08 to 4.7308769384625610e-08 seconds.
Warning: Simulation tolerance relaxed to achieve convergence from 5.2091606699753493e-08 to 5.2091606699851147e-08 seconds.
Warning: Simulation tolerance relaxed to achieve convergence from 5.3308769384690628e-08 to 5.3308769384788281e-08 seconds.
Warning: Simulation tolerance relaxed to achieve convergence from 5.8091606699792676e-08 to 5.8091606699890329e-08 seconds.
Warning: Simulation tolerance relaxed to achieve convergence from 5.9308769384459349e-08 to 5.9308769384557002e-08 seconds.
Warning: Simulation tolerance relaxed to achieve convergence from 6.4091606699742245e-08 to 6.4091606699839905e-08 seconds.
Warning: Simulation tolerance relaxed to achieve convergence from 6.5308769384053171e-08 to 6.5308769384150831e-08 seconds.
Warning: Simulation tolerance relaxed to achieve convergence from 6.5308769384541459e-08 to 6.5308769384639119e-08 seconds.
Warning: Simulation tolerance relaxed to achieve convergence from 6.5308769384639119e-08 to 6.5308769384736779e-08 seconds.
Warning: Simulation tolerance relaxed to achieve convergence from 7.0091606699722446e-08 to 7.0091606699820107e-08 seconds.
Warning: Simulation tolerance relaxed to achieve convergence from 7.1308769384437883e-08 to 7.1308769384535544e-08 seconds.
Warning: Simulation tolerance relaxed to achieve convergence from 7.1308769384730864e-08 to 7.1308769384828524e-08 seconds.
Warning: Simulation tolerance relaxed to achieve convergence from 7.6091606699763925e-08 to 7.6091606699861586e-08 seconds.
Warning: Simulation tolerance relaxed to achieve convergence from 7.7308769384528689e-08 to 7.7308769384626349e-08 seconds.
Warning: Simulation tolerance relaxed to achieve convergence from 8.2091606699792090e-08 to 8.2091606699889750e-08 seconds.
Warning: Simulation tolerance relaxed to achieve convergence from 8.3308769384633947e-08 to 8.3308769384731607e-08 seconds.
Warning: Simulation tolerance relaxed to achieve convergence from 8.8091606699759970e-08 to 8.8091606699857630e-08 seconds.
Warning: Simulation tolerance relaxed to achieve convergence from 8.9308769384550038e-08 to 8.9308769384647698e-08 seconds.
Warning: Simulation tolerance relaxed to achieve convergence from 8.9308769384647698e-08 to 8.9308769384745359e-08 seconds.
Warning: Simulation tolerance relaxed to achieve convergence from 9.4091606699775244e-08 to 9.4091606699872904e-08 seconds.
Warning: Simulation tolerance relaxed to achieve convergence from 9.5308769384557517e-08 to 9.5308769384655177e-08 seconds.
Warning: Simulation tolerance relaxed to achieve convergence from 9.5308769384655177e-08 to 9.5308769384752837e-08 seconds.
Total elapsed time: 0.550 seconds.

Files loaded:
C:\Users\yoshinsh\Documents\python project\personal-trials\hard_study\digital_circuit\nand\nand-tr-bi.net
C:\Users\yoshinsh\AppData\Local\LTspice\lib\cmp\standard.dio
C:\Users\yoshinsh\AppData\Local\LTspice\lib\cmp\standard.bjt

