LTspice 24.1.9 for Windows
Circuit: C:\Users\yoshinaga\Documents\Python Scripts\hard-related\hard-ware\degital_circuit\LTpice\invertor\half-bridge\half.net
Start Time: Mon Oct  6 05:47:38 2025
solver = Normal
Maximum thread count: 12
tnom = 27
temp = 27
method = trap
Direct Newton iteration for .op point succeeded.
Changing Tseed to 9.76562e-09
Changing Tseed to 9.76563e-11
Changing Tseed to 9.76562e-08
Changing Tseed to 9.76562e-12
Changing Tseed to 9.76563e-07
Changing Tseed to 9.76562e-13
Changing Tseed to 9.76562e-06
Changing Tseed to 9.76563e-14

Simulation stopped by user.
Total elapsed time: 51.360 seconds.

Files loaded:
C:\Users\yoshinaga\Documents\Python Scripts\hard-related\hard-ware\degital_circuit\LTpice\invertor\half-bridge\half.net
C:\Users\yoshinaga\AppData\Local\LTspice\lib\cmp\standard.dio
C:\Users\yoshinaga\AppData\Local\LTspice\lib\cmp\standard.bjt

