Flow report for light-illumination
Mon Sep 15 13:34:07 2025
Quartus Prime Version 24.1std.0 Build 1077 03/04/2025 SC Lite Edition


---------------------
; Table of Contents ;
---------------------
  1. Legal Notice
  2. Flow Summary
  3. Flow Settings
  4. Flow Non-Default Global Settings
  5. Flow Elapsed Time
  6. Flow OS Summary
  7. Flow Log
  8. Flow Messages
  9. Flow Suppressed Messages



----------------
; Legal Notice ;
----------------
Copyright (C) 2025  Altera Corporation. All rights reserved.
Your use of Altera Corporation's design tools, logic functions 
and other software and tools, and any partner logic 
functions, and any output files from any of the foregoing 
(including device programming or simulation files), and any 
associated documentation or information are expressly subject 
to the terms and conditions of the Altera Program License 
Subscription Agreement, the Altera Quartus Prime License Agreement,
the Altera IP License Agreement, or other applicable license
agreement, including, without limitation, that your use is for
the sole purpose of programming logic devices manufactured by
Altera and sold by Altera or its authorized distributors.  Please
refer to the Altera Software License Subscription Agreements 
on the Quartus Prime software download page.



+--------------------------------------------------------------------------------------+
; Flow Summary                                                                         ;
+------------------------------------+-------------------------------------------------+
; Flow Status                        ; Successful - Mon Sep 15 13:34:07 2025           ;
; Quartus Prime Version              ; 24.1std.0 Build 1077 03/04/2025 SC Lite Edition ;
; Revision Name                      ; light-illumination                              ;
; Top-level Entity Name              ; light_illumination                              ;
; Family                             ; MAX 10                                          ;
; Device                             ; 10M50DAF484C6GES                                ;
; Timing Models                      ; Preliminary                                     ;
; Total logic elements               ; 33 / 49,760 ( < 1 % )                           ;
;     Total combinational functions  ; 33 / 49,760 ( < 1 % )                           ;
;     Dedicated logic registers      ; 32 / 49,760 ( < 1 % )                           ;
; Total registers                    ; 32                                              ;
; Total pins                         ; 34 / 360 ( 9 % )                                ;
; Total virtual pins                 ; 0                                               ;
; Total memory bits                  ; 0 / 1,677,312 ( 0 % )                           ;
; Embedded Multiplier 9-bit elements ; 0 / 288 ( 0 % )                                 ;
; Total PLLs                         ; 0 / 4 ( 0 % )                                   ;
; UFM blocks                         ; 0 / 1 ( 0 % )                                   ;
; ADC blocks                         ; 0 / 2 ( 0 % )                                   ;
+------------------------------------+-------------------------------------------------+


+-----------------------------------------+
; Flow Settings                           ;
+-------------------+---------------------+
; Option            ; Setting             ;
+-------------------+---------------------+
; Start date & time ; 09/15/2025 13:33:31 ;
; Main task         ; Compilation         ;
; Revision Name     ; light-illumination  ;
+-------------------+---------------------+


+------------------------------------------------------------------------------------------------------------------------------------------------------------+
; Flow Non-Default Global Settings                                                                                                                           ;
+-------------------------------------+----------------------------------------+--------------------+--------------------+-----------------------------------+
; Assignment Name                     ; Value                                  ; Default Value      ; Entity Name        ; Section Id                        ;
+-------------------------------------+----------------------------------------+--------------------+--------------------+-----------------------------------+
; COMPILER_SIGNATURE_ID               ; 277137602003283.175791081118084        ; --                 ; --                 ; --                                ;
; EDA_GENERATE_FUNCTIONAL_NETLIST     ; Off                                    ; --                 ; --                 ; eda_board_design_timing           ;
; EDA_GENERATE_FUNCTIONAL_NETLIST     ; Off                                    ; --                 ; --                 ; eda_board_design_boundary_scan    ;
; EDA_GENERATE_FUNCTIONAL_NETLIST     ; Off                                    ; --                 ; --                 ; eda_board_design_signal_integrity ;
; EDA_GENERATE_FUNCTIONAL_NETLIST     ; Off                                    ; --                 ; --                 ; eda_board_design_symbol           ;
; EDA_OUTPUT_DATA_FORMAT              ; Vhdl                                   ; --                 ; --                 ; eda_simulation                    ;
; EDA_SIMULATION_TOOL                 ; QuestaSim (VHDL)                       ; <None>             ; --                 ; --                                ;
; EDA_TIME_SCALE                      ; 1 ps                                   ; --                 ; --                 ; eda_simulation                    ;
; FLOW_ENABLE_POWER_ANALYZER          ; On                                     ; Off                ; --                 ; --                                ;
; MAX_CORE_JUNCTION_TEMP              ; 85                                     ; --                 ; --                 ; --                                ;
; MIN_CORE_JUNCTION_TEMP              ; 0                                      ; --                 ; --                 ; --                                ;
; PARTITION_COLOR                     ; -- (Not supported for targeted family) ; --                 ; light_illumination ; Top                               ;
; PARTITION_FITTER_PRESERVATION_LEVEL ; -- (Not supported for targeted family) ; --                 ; light_illumination ; Top                               ;
; PARTITION_NETLIST_TYPE              ; -- (Not supported for targeted family) ; --                 ; light_illumination ; Top                               ;
; POWER_BOARD_THERMAL_MODEL           ; None (CONSERVATIVE)                    ; --                 ; --                 ; --                                ;
; POWER_DEFAULT_INPUT_IO_TOGGLE_RATE  ; 12.5 %                                 ; 12.5%              ; --                 ; --                                ;
; POWER_PRESET_COOLING_SOLUTION       ; 23 MM HEAT SINK WITH 200 LFPM AIRFLOW  ; --                 ; --                 ; --                                ;
; PROJECT_OUTPUT_DIRECTORY            ; output_files                           ; --                 ; --                 ; --                                ;
; TOP_LEVEL_ENTITY                    ; light_illumination                     ; light-illumination ; --                 ; --                                ;
+-------------------------------------+----------------------------------------+--------------------+--------------------+-----------------------------------+


+--------------------------------------------------------------------------------------------------------------------------+
; Flow Elapsed Time                                                                                                        ;
+----------------------+--------------+-------------------------+---------------------+------------------------------------+
; Module Name          ; Elapsed Time ; Average Processors Used ; Peak Virtual Memory ; Total CPU Time (on all processors) ;
+----------------------+--------------+-------------------------+---------------------+------------------------------------+
; Analysis & Synthesis ; 00:00:08     ; 1.0                     ; 4889 MB             ; 00:00:17                           ;
; Fitter               ; 00:00:13     ; 1.0                     ; 5787 MB             ; 00:00:15                           ;
; Assembler            ; 00:00:03     ; 1.0                     ; 4828 MB             ; 00:00:02                           ;
; Power Analyzer       ; 00:00:04     ; 1.0                     ; 4914 MB             ; 00:00:04                           ;
; Timing Analyzer      ; 00:00:03     ; 1.0                     ; 4918 MB             ; 00:00:03                           ;
; EDA Netlist Writer   ; 00:00:01     ; 1.0                     ; 4675 MB             ; 00:00:01                           ;
; Total                ; 00:00:32     ; --                      ; --                  ; 00:00:42                           ;
+----------------------+--------------+-------------------------+---------------------+------------------------------------+


+------------------------------------------------------------------------------------+
; Flow OS Summary                                                                    ;
+----------------------+------------------+------------+------------+----------------+
; Module Name          ; Machine Hostname ; OS Name    ; OS Version ; Processor type ;
+----------------------+------------------+------------+------------+----------------+
; Analysis & Synthesis ; MyComputer       ; Windows 10 ; 10.0       ; x86_64         ;
; Fitter               ; MyComputer       ; Windows 10 ; 10.0       ; x86_64         ;
; Assembler            ; MyComputer       ; Windows 10 ; 10.0       ; x86_64         ;
; Power Analyzer       ; MyComputer       ; Windows 10 ; 10.0       ; x86_64         ;
; Timing Analyzer      ; MyComputer       ; Windows 10 ; 10.0       ; x86_64         ;
; EDA Netlist Writer   ; MyComputer       ; Windows 10 ; 10.0       ; x86_64         ;
+----------------------+------------------+------------+------------+----------------+


------------
; Flow Log ;
------------
quartus_map --read_settings_files=on --write_settings_files=off light-illumination -c light-illumination
quartus_fit --read_settings_files=off --write_settings_files=off light-illumination -c light-illumination
quartus_asm --read_settings_files=off --write_settings_files=off light-illumination -c light-illumination
quartus_pow --read_settings_files=off --write_settings_files=off light-illumination -c light-illumination
quartus_sta light-illumination -c light-illumination
quartus_eda --read_settings_files=off --write_settings_files=off light-illumination -c light-illumination



