LTspice 24.1.9 for Windows
Circuit: C:\Users\yoshinsh.AP\PycharmProjects\forWork\hard-ware\degital_circuit\LTpice\sequential_circuit\latch\and.net
Start Time: Sun Jul 20 09:01:44 2025
solver = Normal
Maximum thread count: 16
tnom = 27
temp = 27
method = trap
C:\Users\yoshinsh.AP\PycharmProjects\forWork\hard-ware\degital_circuit\LTpice\sequential_circuit\latch\and.net(4): Limiting rise time to 2e-10.

V1 N001 0 PULSE(0 5 0 0 0 2n 6n)
^^^^^^^^^^^^^^^^^^^^^^^^^^^^^^^^
C:\Users\yoshinsh.AP\PycharmProjects\forWork\hard-ware\degital_circuit\LTpice\sequential_circuit\latch\and.net(4): Limiting fall time to 2e-10.

V1 N001 0 PULSE(0 5 0 0 0 2n 6n)
^^^^^^^^^^^^^^^^^^^^^^^^^^^^^^^^
C:\Users\yoshinsh.AP\PycharmProjects\forWork\hard-ware\degital_circuit\LTpice\sequential_circuit\latch\and.net(5): Limiting rise time to 2e-10.

V2 N002 0 PULSE(0 5 0 0 0 4n 6n)
^^^^^^^^^^^^^^^^^^^^^^^^^^^^^^^^
C:\Users\yoshinsh.AP\PycharmProjects\forWork\hard-ware\degital_circuit\LTpice\sequential_circuit\latch\and.net(5): Limiting fall time to 2e-10.

V2 N002 0 PULSE(0 5 0 0 0 4n 6n)
^^^^^^^^^^^^^^^^^^^^^^^^^^^^^^^^
Direct Newton iteration for .op point succeeded.
Total elapsed time: 0.033 seconds.

Files loaded:
C:\Users\yoshinsh.AP\PycharmProjects\forWork\hard-ware\degital_circuit\LTpice\sequential_circuit\latch\and.net

