Flow report for light-illumination
Mon Sep 15 15:03:33 2025
Quartus Prime Version 24.1std.0 Build 1077 03/04/2025 SC Lite Edition


---------------------
; Table of Contents ;
---------------------
  1. Legal Notice
  2. Flow Summary
  3. Flow Settings
  4. Flow Non-Default Global Settings
  5. Flow Elapsed Time
  6. Flow OS Summary
  7. Flow Log
  8. Flow Messages
  9. Flow Suppressed Messages



----------------
; Legal Notice ;
----------------
Copyright (C) 2025  Altera Corporation. All rights reserved.
Your use of Altera Corporation's design tools, logic functions 
and other software and tools, and any partner logic 
functions, and any output files from any of the foregoing 
(including device programming or simulation files), and any 
associated documentation or information are expressly subject 
to the terms and conditions of the Altera Program License 
Subscription Agreement, the Altera Quartus Prime License Agreement,
the Altera IP License Agreement, or other applicable license
agreement, including, without limitation, that your use is for
the sole purpose of programming logic devices manufactured by
Altera and sold by Altera or its authorized distributors.  Please
refer to the Altera Software License Subscription Agreements 
on the Quartus Prime software download page.



+--------------------------------------------------------------------------------------+
; Flow Summary                                                                         ;
+------------------------------------+-------------------------------------------------+
; Flow Status                        ; Successful - Mon Sep 15 15:03:33 2025           ;
; Quartus Prime Version              ; 24.1std.0 Build 1077 03/04/2025 SC Lite Edition ;
; Revision Name                      ; light-illumination                              ;
; Top-level Entity Name              ; light_illumination                              ;
; Family                             ; MAX 10                                          ;
; Device                             ; 10M50DAF484C6GES                                ;
; Timing Models                      ; Preliminary                                     ;
; Total logic elements               ; N/A until Partition Merge                       ;
;     Total combinational functions  ; N/A until Partition Merge                       ;
;     Dedicated logic registers      ; N/A until Partition Merge                       ;
; Total registers                    ; N/A until Partition Merge                       ;
; Total pins                         ; N/A until Partition Merge                       ;
; Total virtual pins                 ; N/A until Partition Merge                       ;
; Total memory bits                  ; N/A until Partition Merge                       ;
; Embedded Multiplier 9-bit elements ; N/A until Partition Merge                       ;
; Total PLLs                         ; N/A until Partition Merge                       ;
; UFM blocks                         ; N/A until Partition Merge                       ;
; ADC blocks                         ; N/A until Partition Merge                       ;
+------------------------------------+-------------------------------------------------+


+-----------------------------------------+
; Flow Settings                           ;
+-------------------+---------------------+
; Option            ; Setting             ;
+-------------------+---------------------+
; Start date & time ; 09/15/2025 15:03:26 ;
; Main task         ; Compilation         ;
; Revision Name     ; light-illumination  ;
+-------------------+---------------------+


+------------------------------------------------------------------------------------------------------------------------------------------------------------+
; Flow Non-Default Global Settings                                                                                                                           ;
+-------------------------------------+----------------------------------------+--------------------+--------------------+-----------------------------------+
; Assignment Name                     ; Value                                  ; Default Value      ; Entity Name        ; Section Id                        ;
+-------------------------------------+----------------------------------------+--------------------+--------------------+-----------------------------------+
; COMPILER_SIGNATURE_ID               ; 277137602003283.175791620616080        ; --                 ; --                 ; --                                ;
; EDA_GENERATE_FUNCTIONAL_NETLIST     ; Off                                    ; --                 ; --                 ; eda_board_design_timing           ;
; EDA_GENERATE_FUNCTIONAL_NETLIST     ; Off                                    ; --                 ; --                 ; eda_board_design_boundary_scan    ;
; EDA_GENERATE_FUNCTIONAL_NETLIST     ; Off                                    ; --                 ; --                 ; eda_board_design_signal_integrity ;
; EDA_GENERATE_FUNCTIONAL_NETLIST     ; Off                                    ; --                 ; --                 ; eda_board_design_symbol           ;
; EDA_OUTPUT_DATA_FORMAT              ; Vhdl                                   ; --                 ; --                 ; eda_simulation                    ;
; EDA_SIMULATION_TOOL                 ; QuestaSim (VHDL)                       ; <None>             ; --                 ; --                                ;
; EDA_TIME_SCALE                      ; 1 ps                                   ; --                 ; --                 ; eda_simulation                    ;
; FLOW_ENABLE_POWER_ANALYZER          ; On                                     ; Off                ; --                 ; --                                ;
; MAX_CORE_JUNCTION_TEMP              ; 85                                     ; --                 ; --                 ; --                                ;
; MIN_CORE_JUNCTION_TEMP              ; 0                                      ; --                 ; --                 ; --                                ;
; MISC_FILE                           ; pll_inst.v                             ; --                 ; --                 ; --                                ;
; MISC_FILE                           ; pll_bb.v                               ; --                 ; --                 ; --                                ;
; MISC_FILE                           ; pll.cmp                                ; --                 ; --                 ; --                                ;
; MISC_FILE                           ; pll.ppf                                ; --                 ; --                 ; --                                ;
; PARTITION_COLOR                     ; -- (Not supported for targeted family) ; --                 ; light_illumination ; Top                               ;
; PARTITION_FITTER_PRESERVATION_LEVEL ; -- (Not supported for targeted family) ; --                 ; light_illumination ; Top                               ;
; PARTITION_NETLIST_TYPE              ; -- (Not supported for targeted family) ; --                 ; light_illumination ; Top                               ;
; POWER_BOARD_THERMAL_MODEL           ; None (CONSERVATIVE)                    ; --                 ; --                 ; --                                ;
; POWER_DEFAULT_INPUT_IO_TOGGLE_RATE  ; 12.5 %                                 ; 12.5%              ; --                 ; --                                ;
; POWER_PRESET_COOLING_SOLUTION       ; 23 MM HEAT SINK WITH 200 LFPM AIRFLOW  ; --                 ; --                 ; --                                ;
; PROJECT_OUTPUT_DIRECTORY            ; output_files                           ; --                 ; --                 ; --                                ;
; TOP_LEVEL_ENTITY                    ; light_illumination                     ; light-illumination ; --                 ; --                                ;
; VHDL_INPUT_VERSION                  ; VHDL_2008                              ; VHDL_1993          ; --                 ; --                                ;
; VHDL_SHOW_LMF_MAPPING_MESSAGES      ; Off                                    ; --                 ; --                 ; --                                ;
+-------------------------------------+----------------------------------------+--------------------+--------------------+-----------------------------------+


+----------------------------------------------------------------------------------------------------------------------------+
; Flow Elapsed Time                                                                                                          ;
+------------------------+--------------+-------------------------+---------------------+------------------------------------+
; Module Name            ; Elapsed Time ; Average Processors Used ; Peak Virtual Memory ; Total CPU Time (on all processors) ;
+------------------------+--------------+-------------------------+---------------------+------------------------------------+
; Analysis & Elaboration ; 00:00:08     ; 1.0                     ; 4830 MB             ; 00:00:17                           ;
; Total                  ; 00:00:08     ; --                      ; --                  ; 00:00:17                           ;
+------------------------+--------------+-------------------------+---------------------+------------------------------------+


+--------------------------------------------------------------------------------------+
; Flow OS Summary                                                                      ;
+------------------------+------------------+------------+------------+----------------+
; Module Name            ; Machine Hostname ; OS Name    ; OS Version ; Processor type ;
+------------------------+------------------+------------+------------+----------------+
; Analysis & Elaboration ; MyComputer       ; Windows 10 ; 10.0       ; x86_64         ;
+------------------------+------------------+------------+------------+----------------+


------------
; Flow Log ;
------------
quartus_map --read_settings_files=on --write_settings_files=off light-illumination -c light-illumination --analysis_and_elaboration



