LTspice 24.1.9 for Windows
Circuit: C:\Users\yoshinsh\Documents\python project\personal-trials\hard_study\digital_circuit\flip-flop\latch.net
Start Time: Mon Jul 14 19:41:20 2025
solver = Normal
Maximum thread count: 12
tnom = 27
temp = 27
method = trap
C:\Users\yoshinsh\Documents\python project\personal-trials\hard_study\digital_circuit\flip-flop\latch.net(4): Limiting rise time to 2e-10.

V1 N001 0 PULSE(0 5 2n 0 0 2n 6n)
^^^^^^^^^^^^^^^^^^^^^^^^^^^^^^^^^
C:\Users\yoshinsh\Documents\python project\personal-trials\hard_study\digital_circuit\flip-flop\latch.net(4): Limiting fall time to 2e-10.

V1 N001 0 PULSE(0 5 2n 0 0 2n 6n)
^^^^^^^^^^^^^^^^^^^^^^^^^^^^^^^^^
C:\Users\yoshinsh\Documents\python project\personal-trials\hard_study\digital_circuit\flip-flop\latch.net(5): Limiting rise time to 2e-10.

V2 N002 0 PULSE(0 5 3n 0 0 2n 6n)
^^^^^^^^^^^^^^^^^^^^^^^^^^^^^^^^^
C:\Users\yoshinsh\Documents\python project\personal-trials\hard_study\digital_circuit\flip-flop\latch.net(5): Limiting fall time to 2e-10.

V2 N002 0 PULSE(0 5 3n 0 0 2n 6n)
^^^^^^^^^^^^^^^^^^^^^^^^^^^^^^^^^
Direct Newton iteration for .op point succeeded.
Total elapsed time: 0.092 seconds.

Files loaded:
C:\Users\yoshinsh\Documents\python project\personal-trials\hard_study\digital_circuit\flip-flop\latch.net

