LTspice 24.1.9 for Windows
Circuit: C:\Users\yoshinaga\Documents\Python Scripts\hard-related\hard-ware\degital_circuit\LTpice\basic\analysisi-basic\amp1.net
Start Time: Fri Aug 15 11:07:36 2025
solver = Normal
Maximum thread count: 12
tnom = 27
temp = 27
method = trap
.OP point found by inspection.
.step rx=1
.step rx=100.9
.step rx=200.8
.step rx=300.7
.step rx=400.6
.step rx=500.5
.step rx=600.4
.step rx=700.3
.step rx=800.2
.step rx=900.1
.step rx=1000
Total elapsed time: 0.545 seconds.

Files loaded:
C:\Users\yoshinaga\Documents\Python Scripts\hard-related\hard-ware\degital_circuit\LTpice\basic\analysisi-basic\amp1.net
C:\Users\yoshinaga\AppData\Local\LTspice\lib\cmp\standard.bjt

