LTspice 24.1.9 for Windows
Circuit: C:\Users\yoshinaga\Documents\Python Scripts\hard-related\hard-ware\degital_circuit\LTpice\basic\analysisi-basic\conjuction.net
Start Time: Sat Aug 16 16:56:16 2025
solver = Normal
Maximum thread count: 12
tnom = 27
temp = 27
method = trap
.OP point found by inspection.
.step lx=0.0001
.step lx=0.0002
.step lx=0.0003
.step lx=0.0004
.step lx=0.0005
.step lx=0.0006
.step lx=0.0007
.step lx=0.0008
.step lx=0.0009
Total elapsed time: 0.275 seconds.

Files loaded:
C:\Users\yoshinaga\Documents\Python Scripts\hard-related\hard-ware\degital_circuit\LTpice\basic\analysisi-basic\conjuction.net

