LTspice 24.1.9 for Windows
Circuit: C:\Users\yoshinaga\Documents\Python Scripts\hard-related\hard-ware\degital_circuit\LTpice\basic\switching\noise-gen-v2.net
Start Time: Sun Sep 14 14:29:56 2025
solver = Normal
Maximum thread count: 12
tnom = 27
temp = 27
method = trap
C:\Users\yoshinaga\Documents\Python Scripts\hard-related\hard-ware\degital_circuit\LTpice\basic\switching\noise-gen-v2.net(5): WARNING: Specified period is not longer than the sum of Trise, Tfall, and Ton. Increasing period to 10.

V2 N003 0 PULSE(0 5 1m 0 0 10 0 0)
^^^^^^^^^^^^^^^^^^^^^^^^^^^^^^^^^^
C:\Users\yoshinaga\Documents\Python Scripts\hard-related\hard-ware\degital_circuit\LTpice\basic\switching\noise-gen-v2.net(5): Limiting rise time to 1.95399e-15.

V2 N003 0 PULSE(0 5 1m 0 0 10 0 0)
^^^^^^^^^^^^^^^^^^^^^^^^^^^^^^^^^^
C:\Users\yoshinaga\Documents\Python Scripts\hard-related\hard-ware\degital_circuit\LTpice\basic\switching\noise-gen-v2.net(5): Limiting fall time to 1.95399e-15.

V2 N003 0 PULSE(0 5 1m 0 0 10 0 0)
^^^^^^^^^^^^^^^^^^^^^^^^^^^^^^^^^^
WARNING: Node n002 is floating.

Direct Newton iteration for .op point succeeded.
Total elapsed time: 0.038 seconds.

Files loaded:
C:\Users\yoshinaga\Documents\Python Scripts\hard-related\hard-ware\degital_circuit\LTpice\basic\switching\noise-gen-v2.net

