LTspice 24.1.9 for Windows
Circuit: C:\Users\yoshinaga\Documents\Python Scripts\hard-related\hard-ware\degital_circuit\LTpice\lc-circuit\condensor\parallel-lc.net
Start Time: Fri Sep 19 05:58:10 2025
solver = Normal
Maximum thread count: 12
tnom = 27
temp = 27
method = trap
.OP point found by inspection.
.step fx=1
.step fx=1.03526492384138
.step fx=1.07177346253629
.step fx=1.10956947206785
.step fx=1.14869835499704
.step fx=1.18920711500272
.step fx=1.23114441334492
.step fx=1.27456062731926
.step fx=1.3195079107729
.step fx=1.3660402567544
.step fx=1.4142135623731
.step fx=1.46408569594563
.step fx=1.5157165665104
.step fx=1.5691681957935
.step fx=1.62450479271247
.step fx=1.68179283050743
.step fx=1.74110112659225
.step fx=1.80250092522166
.step fx=1.86606598307362
.step fx=1.93187265784969
.step fx=2
.step fx=2.07052984768276
.step fx=2.14354692507259
.step fx=2.21913894413569
.step fx=2.29739670999407
.step fx=2.37841423000545
.step fx=2.46228882668984
.step fx=2.54912125463853
.step fx=2.63901582154579
.step fx=2.7320805135088
.step fx=2.8284271247462
.step fx=2.92817139189126
.step fx=3.0314331330208
.step fx=3.13833639158701
.step fx=3.24900958542495
.step fx=3.36358566101487
.step fx=3.48220225318451
.step fx=3.60500185044333
.step fx=3.73213196614724
.step fx=3.86374531569939
.step fx=4.00000000000001
.step fx=4.14105969536552
.step fx=4.28709385014519
.step fx=4.43827788827139
.step fx=4.59479341998816
.step fx=4.7568284600109
.step fx=4.92457765337968
.step fx=5.09824250927707
.step fx=5.2780316430916
.step fx=5.4641610270176
.step fx=5.6568542494924
.step fx=5.85634278378252
.step fx=6.06286626604162
.step fx=6.27667278317403
.step fx=6.49801917084991
.step fx=6.72717132202974
.step fx=6.96440450636902
.step fx=7.21000370088667
.step fx=7.46426393229449
.step fx=7.7274906313988
.step fx=8.00000000000004
.step fx=8.28211939073106
.step fx=8.57418770029039
.step fx=8.8765557765428
.step fx=9.18958683997633
.step fx=9.51365692002181
.step fx=9.84915530675938
.step fx=10.1964850185541
.step fx=10.5560632861832
.step fx=10.9283220540352
.step fx=11.3137084989848
.step fx=11.7126855675651
.step fx=12.1257325320832
.step fx=12.5533455663481
.step fx=12.9960383416998
.step fx=13.4543426440595
.step fx=13.9288090127381
.step fx=14.4200074017734
.step fx=14.928527864589
.step fx=15.4549812627976
.step fx=16.0000000000001
.step fx=16.5642387814621
.step fx=17.1483754005808
.step fx=17.7531115530856
.step fx=18.3791736799527
.step fx=19.0273138400437
.step fx=19.6983106135188
.step fx=20.3929700371083
.step fx=21.1121265723664
.step fx=21.8566441080705
.step fx=22.6274169979697
.step fx=23.4253711351302
.step fx=24.2514650641665
.step fx=25.1066911326962
.step fx=25.9920766833997
.step fx=26.9086852881191
.step fx=27.8576180254762
.step fx=28.8400148035468
.step fx=29.8570557291781
.step fx=30.9099625255953
.step fx=32.0000000000002
.step fx=33.1284775629243
.step fx=34.2967508011616
.step fx=35.5062231061713
.step fx=36.7583473599054
.step fx=38.0546276800874
.step fx=39.3966212270376
.step fx=40.7859400742167
.step fx=42.224253144733
.step fx=43.713288216141
.step fx=45.2548339959394
.step fx=46.8507422702604
.step fx=48.5029301283331
.step fx=50.2133822653925
.step fx=51.9841533667995
.step fx=53.8173705762382
.step fx=55.7152360509524
.step fx=57.6800296070936
.step fx=59.7141114583562
.step fx=61.8199250511907
.step fx=64.0000000000006
.step fx=66.2569551258488
.step fx=68.5935016023234
.step fx=71.0124462123427
.step fx=73.5166947198109
.step fx=76.1092553601749
.step fx=78.7932424540754
.step fx=81.5718801484336
.step fx=84.4485062894661
.step fx=87.4265764322822
.step fx=90.509667991879
.step fx=93.701484540521
.step fx=97.0058602566664
.step fx=100.426764530785
.step fx=103.968306733599
.step fx=107.634741152477
.step fx=111.430472101905
.step fx=115.360059214187
.step fx=119.428222916713
.step fx=123.639850102382
.step fx=128.000000000001
.step fx=132.513910251698
.step fx=137.187003204647
.step fx=142.024892424686
.step fx=147.033389439622
.step fx=152.21851072035
.step fx=157.586484908151
.step fx=163.143760296867
.step fx=168.897012578932
.step fx=174.853152864565
.step fx=181.019335983758
.step fx=187.402969081042
.step fx=194.011720513333
.step fx=200.85352906157
.step fx=207.936613467199
.step fx=215.269482304953
.step fx=222.86094420381
.step fx=230.720118428375
.step fx=238.856445833426
.step fx=247.279700204763
.step fx=256.000000000003
.step fx=265.027820503396
.step fx=274.374006409294
.step fx=284.049784849372
.step fx=294.066778879245
.step fx=304.4370214407
.step fx=315.172969816302
.step fx=326.287520593735
.step fx=337.794025157865
.step fx=349.70630572913
.step fx=362.038671967517
.step fx=374.805938162085
.step fx=388.023441026667
.step fx=401.707058123142
.step fx=415.873226934398
.step fx=430.538964609908
.step fx=445.721888407621
.step fx=461.440236856751
.step fx=477.712891666852
.step fx=494.559400409528
.step fx=500
Total elapsed time: 4.197 seconds.

Files loaded:
C:\Users\yoshinaga\Documents\Python Scripts\hard-related\hard-ware\degital_circuit\LTpice\lc-circuit\condensor\parallel-lc.net

