LTspice 24.1.9 for Windows
Circuit: C:\Users\yoshinaga\Documents\Python Scripts\hard-related\hard-ware\degital_circuit\LTpice\lc-circuit\condensor\seriese-lc.net
Start Time: Wed Sep 17 06:06:36 2025
solver = Normal
Maximum thread count: 12
tnom = 27
temp = 27
method = trap
.OP point found by inspection.
.step freq=1000
.step freq=2000
.step freq=3000
.step freq=4000
.step freq=5000
.step freq=6000
.step freq=7000
.step freq=8000
.step freq=9000
.step freq=10000
Total elapsed time: 0.228 seconds.

Files loaded:
C:\Users\yoshinaga\Documents\Python Scripts\hard-related\hard-ware\degital_circuit\LTpice\lc-circuit\condensor\seriese-lc.net

