LTspice 24.1.9 for Windows
Circuit: C:\Users\yoshinsh.AP\PycharmProjects\forWork\hard-ware\degital_circuit\LTpice\basic\rs-ff\rs-flip-flop.net
Start Time: Sun Jul 13 13:10:28 2025
solver = Normal
Maximum thread count: 16
tnom = 27
temp = 27
method = trap
C:\Users\yoshinsh.AP\PycharmProjects\forWork\hard-ware\degital_circuit\LTpice\basic\rs-ff\rs-flip-flop.net(4): Limiting rise time to 2e-10.

V1 N001 0 PULSE(0 5 4n 0 0 2n 6n)
^^^^^^^^^^^^^^^^^^^^^^^^^^^^^^^^^
C:\Users\yoshinsh.AP\PycharmProjects\forWork\hard-ware\degital_circuit\LTpice\basic\rs-ff\rs-flip-flop.net(4): Limiting fall time to 2e-10.

V1 N001 0 PULSE(0 5 4n 0 0 2n 6n)
^^^^^^^^^^^^^^^^^^^^^^^^^^^^^^^^^
C:\Users\yoshinsh.AP\PycharmProjects\forWork\hard-ware\degital_circuit\LTpice\basic\rs-ff\rs-flip-flop.net(5): Limiting rise time to 2e-10.

V2 N002 0 PULSE(0 5 2n 0 0 2n 6n)
^^^^^^^^^^^^^^^^^^^^^^^^^^^^^^^^^
C:\Users\yoshinsh.AP\PycharmProjects\forWork\hard-ware\degital_circuit\LTpice\basic\rs-ff\rs-flip-flop.net(5): Limiting fall time to 2e-10.

V2 N002 0 PULSE(0 5 2n 0 0 2n 6n)
^^^^^^^^^^^^^^^^^^^^^^^^^^^^^^^^^
Direct Newton iteration for .op point succeeded.
Total elapsed time: 0.035 seconds.

Files loaded:
C:\Users\yoshinsh.AP\PycharmProjects\forWork\hard-ware\degital_circuit\LTpice\basic\rs-ff\rs-flip-flop.net

