LTspice 24.1.9 for Windows
Circuit: C:\Users\yoshinsh.AP\PycharmProjects\forWork\hard-ware\degital_circuit\LTpice\basic\and\and_mos_v2.net
Start Time: Sun Jul 13 15:13:17 2025
solver = Normal
Maximum thread count: 16
tnom = 27
temp = 27
method = trap
C:\Users\yoshinsh.AP\PycharmProjects\forWork\hard-ware\degital_circuit\LTpice\basic\and\and_mos_v2.net(3): Limiting rise time to 2e-10.

V2 Vin_B 0 PULSE(0 5 4n 0 0 2n 6n)
^^^^^^^^^^^^^^^^^^^^^^^^^^^^^^^^^^
C:\Users\yoshinsh.AP\PycharmProjects\forWork\hard-ware\degital_circuit\LTpice\basic\and\and_mos_v2.net(3): Limiting fall time to 2e-10.

V2 Vin_B 0 PULSE(0 5 4n 0 0 2n 6n)
^^^^^^^^^^^^^^^^^^^^^^^^^^^^^^^^^^
C:\Users\yoshinsh.AP\PycharmProjects\forWork\hard-ware\degital_circuit\LTpice\basic\and\and_mos_v2.net(4): Limiting rise time to 2e-10.

V3 Vin_A 0 PULSE(0 5 2n 0 0 2n 6n)
^^^^^^^^^^^^^^^^^^^^^^^^^^^^^^^^^^
C:\Users\yoshinsh.AP\PycharmProjects\forWork\hard-ware\degital_circuit\LTpice\basic\and\and_mos_v2.net(4): Limiting fall time to 2e-10.

V3 Vin_A 0 PULSE(0 5 2n 0 0 2n 6n)
^^^^^^^^^^^^^^^^^^^^^^^^^^^^^^^^^^
WARNING: Node n003 is floating.
WARNING: Node n004 is floating.

Direct Newton iteration for .op point succeeded.
Changing Tseed to 3.90625e-15
Changing Tseed to 3.90625e-17
Changing Tseed to 3.90625e-14
Total elapsed time: 0.105 seconds.

Files loaded:
C:\Users\yoshinsh.AP\PycharmProjects\forWork\hard-ware\degital_circuit\LTpice\basic\and\and_mos_v2.net
C:\Users\yoshinsh.AP\AppData\Local\LTspice\lib\cmp\standard.mos

